=== Q09 STEP 1: source tree ===
src/greetlab/cli.py
src/greetlab/__init__.py
[build-system]
requires = ["setuptools>=68"]
build-backend = "setuptools.build_meta"

[project]
name = "greetlab-25020007021"
version = "0.1.0"
requires-python = ">=3.9"

[project.scripts]
sdt-greet = "greetlab.cli:main"

=== Q09 STEP 2: build wheel ===
* Getting build dependencies for sdist...
running egg_info
creating src/greetlab_25020007021.egg-info
writing src/greetlab_25020007021.egg-info/PKG-INFO
writing dependency_links to src/greetlab_25020007021.egg-info/dependency_links.txt
writing entry points to src/greetlab_25020007021.egg-info/entry_points.txt
writing top-level names to src/greetlab_25020007021.egg-info/top_level.txt
writing manifest file 'src/greetlab_25020007021.egg-info/SOURCES.txt'
reading manifest file 'src/greetlab_25020007021.egg-info/SOURCES.txt'
writing manifest file 'src/greetlab_25020007021.egg-info/SOURCES.txt'
* Building sdist...
running sdist
running egg_info
writing src/greetlab_25020007021.egg-info/PKG-INFO
writing dependency_links to src/greetlab_25020007021.egg-info/dependency_links.txt
writing entry points to src/greetlab_25020007021.egg-info/entry_points.txt
writing top-level names to src/greetlab_25020007021.egg-info/top_level.txt
reading manifest file 'src/greetlab_25020007021.egg-info/SOURCES.txt'
writing manifest file 'src/greetlab_25020007021.egg-info/SOURCES.txt'
running check
creating greetlab_25020007021-0.1.0
creating greetlab_25020007021-0.1.0/src/greetlab
creating greetlab_25020007021-0.1.0/src/greetlab_25020007021.egg-info
copying files to greetlab_25020007021-0.1.0...
copying README.md -> greetlab_25020007021-0.1.0
copying pyproject.toml -> greetlab_25020007021-0.1.0
copying src/greetlab/__init__.py -> greetlab_25020007021-0.1.0/src/greetlab
copying src/greetlab/cli.py -> greetlab_25020007021-0.1.0/src/greetlab
copying src/greetlab_25020007021.egg-info/PKG-INFO -> greetlab_25020007021-0.1.0/src/greetlab_25020007021.egg-info
copying src/greetlab_25020007021.egg-info/SOURCES.txt -> greetlab_25020007021-0.1.0/src/greetlab_25020007021.egg-info
copying src/greetlab_25020007021.egg-info/dependency_links.txt -> greetlab_25020007021-0.1.0/src/greetlab_25020007021.egg-info
copying src/greetlab_25020007021.egg-info/entry_points.txt -> greetlab_25020007021-0.1.0/src/greetlab_25020007021.egg-info
copying src/greetlab_25020007021.egg-info/top_level.txt -> greetlab_25020007021-0.1.0/src/greetlab_25020007021.egg-info
Writing greetlab_25020007021-0.1.0/setup.cfg
Creating tar archive
removing 'greetlab_25020007021-0.1.0' (and everything under it)
* Building wheel from sdist
* Getting build dependencies for wheel...
running egg_info
writing src/greetlab_25020007021.egg-info/PKG-INFO
writing dependency_links to src/greetlab_25020007021.egg-info/dependency_links.txt
writing entry points to src/greetlab_25020007021.egg-info/entry_points.txt
writing top-level names to src/greetlab_25020007021.egg-info/top_level.txt
reading manifest file 'src/greetlab_25020007021.egg-info/SOURCES.txt'
writing manifest file 'src/greetlab_25020007021.egg-info/SOURCES.txt'
* Building wheel...
running bdist_wheel
running build
running build_py
creating build/lib/greetlab
copying src/greetlab/cli.py -> build/lib/greetlab
copying src/greetlab/__init__.py -> build/lib/greetlab
running egg_info
writing src/greetlab_25020007021.egg-info/PKG-INFO
writing dependency_links to src/greetlab_25020007021.egg-info/dependency_links.txt
writing entry points to src/greetlab_25020007021.egg-info/entry_points.txt
writing top-level names to src/greetlab_25020007021.egg-info/top_level.txt
reading manifest file 'src/greetlab_25020007021.egg-info/SOURCES.txt'
writing manifest file 'src/greetlab_25020007021.egg-info/SOURCES.txt'
installing to build/bdist.linux-x86_64/wheel
running install
running install_lib
creating build/bdist.linux-x86_64/wheel
creating build/bdist.linux-x86_64/wheel/greetlab
copying build/lib/greetlab/cli.py -> build/bdist.linux-x86_64/wheel/./greetlab
copying build/lib/greetlab/__init__.py -> build/bdist.linux-x86_64/wheel/./greetlab
running install_egg_info
Copying src/greetlab_25020007021.egg-info to build/bdist.linux-x86_64/wheel/./greetlab_25020007021-0.1.0-py3.12.egg-info
running install_scripts
creating build/bdist.linux-x86_64/wheel/greetlab_25020007021-0.1.0.dist-info/WHEEL
creating '/home/dmh/桌面/system-tools-week3/q09/dist/.tmp-y7e9uznv/greetlab_25020007021-0.1.0-py3-none-any.whl' and adding 'build/bdist.linux-x86_64/wheel' to it
adding 'greetlab/__init__.py'
adding 'greetlab/cli.py'
adding 'greetlab_25020007021-0.1.0.dist-info/METADATA'
adding 'greetlab_25020007021-0.1.0.dist-info/WHEEL'
adding 'greetlab_25020007021-0.1.0.dist-info/entry_points.txt'
adding 'greetlab_25020007021-0.1.0.dist-info/top_level.txt'
adding 'greetlab_25020007021-0.1.0.dist-info/RECORD'
removing build/bdist.linux-x86_64/wheel
Successfully built greetlab_25020007021-0.1.0.tar.gz and greetlab_25020007021-0.1.0-py3-none-any.whl
总用量 8.0K
-rw-rw-r-- 1 dmh dmh 1.9K Aug 31 22:20 greetlab_25020007021-0.1.0-py3-none-any.whl
-rw-rw-r-- 1 dmh dmh 1.5K Aug 31 22:20 greetlab_25020007021-0.1.0.tar.gz
=== Q09 STEP 3: clean venv and wheel-only install ===
Using CPython 3.12.13 interpreter at: /home/dmh/.local/bin/python3.12
Creating virtual environment at: clean-venv
Activate with: source clean-venv/bin/activate
Using Python 3.12.13 environment at: clean-venv
Resolved 1 package in 1ms
Prepared 1 package in 1ms
Installed 1 package in 1ms
 + greetlab-25020007021==0.1.0
installed_version= 0.1.0
=== Q09 STEP 4: execute outside q09 ===
Hello, 25020007021!
